   1 Frétt hefir öld óvu, þá er endr of gerðu
   1 seggir samkundu, sú var nýt fæstum,
   1 æxtu einmæli, yggr var þeim síðan
   1 ok it sama sonum Gjúka, er váru sannráðnir.
